// Jest Snapshot v1, https://goo.gl/fbAQLP

exports[`MergeBoard component renders 1`] = `
<main>
  <div>
    MergeBoard
  </div>
</main>
`;
